2026-05-22 20:28:26,518 INFO o.a.j.u.JMeterUtils: Setting Locale to en_EN
2026-05-22 20:28:26,545 INFO o.a.j.JMeter: Loading user properties from: C:\Users\Asus\Documents\apache-jmeter-5.6.3\apache-jmeter-5.6.3\bin\user.properties
2026-05-22 20:28:26,546 INFO o.a.j.JMeter: Loading system properties from: system.properties
2026-05-22 20:28:26,559 INFO o.a.j.JMeter: Copyright (c) 1998-2024 The Apache Software Foundation
2026-05-22 20:28:26,559 INFO o.a.j.JMeter: Version 5.6.3
2026-05-22 20:28:26,559 INFO o.a.j.JMeter: java.version=21.0.9
2026-05-22 20:28:26,560 INFO o.a.j.JMeter: java.vm.name=Java HotSpot(TM) 64-Bit Server VM
2026-05-22 20:28:26,560 INFO o.a.j.JMeter: os.name=Windows 11
2026-05-22 20:28:26,560 INFO o.a.j.JMeter: os.arch=amd64
2026-05-22 20:28:26,560 INFO o.a.j.JMeter: os.version=10.0
2026-05-22 20:28:26,560 INFO o.a.j.JMeter: file.encoding=UTF-8
2026-05-22 20:28:26,560 INFO o.a.j.JMeter: java.awt.headless=true
2026-05-22 20:28:26,560 INFO o.a.j.JMeter: Max memory     =1073741824
2026-05-22 20:28:26,560 INFO o.a.j.JMeter: Available Processors =16
2026-05-22 20:28:26,579 INFO o.a.j.JMeter: Default Locale=English (EN)
2026-05-22 20:28:26,579 INFO o.a.j.JMeter: JMeter  Locale=English (EN)
2026-05-22 20:28:26,580 INFO o.a.j.JMeter: JMeterHome=C:\Users\Asus\Documents\apache-jmeter-5.6.3\apache-jmeter-5.6.3
2026-05-22 20:28:26,580 INFO o.a.j.JMeter: user.dir  =C:\Users\Asus\Documents\Group Preparation\bidmart-wallet-service
2026-05-22 20:28:26,581 INFO o.a.j.JMeter: PWD       =C:\Users\Asus\Documents\Group Preparation\bidmart-wallet-service
2026-05-22 20:28:31,540 INFO o.a.j.JMeter: IP: 192.168.56.1 Name: LAPTOP-7LCK05AB FullName: LAPTOP-7LCK05AB
2026-05-22 20:28:31,560 INFO o.a.j.JMeter: Setting property 'jmeter.reportgenerator.outputdir' to:'C:\Users\Asus\Documents\Group Preparation\bidmart-wallet-service\profiling\wallet-profile-report-20260522-202824'
2026-05-22 20:28:31,569 INFO o.a.j.s.FileServer: Default base='C:\Users\Asus\Documents\Group Preparation\bidmart-wallet-service'
2026-05-22 20:28:31,571 INFO o.a.j.s.FileServer: Set new base='C:\Users\Asus\Documents\Group Preparation\bidmart-wallet-service\profiling'
2026-05-22 20:28:31,796 INFO o.a.j.s.SaveService: Testplan (JMX) version: 2.2. Testlog (JTL) version: 2.2
2026-05-22 20:28:31,834 INFO o.a.j.s.SaveService: Using SaveService properties version 5.0
2026-05-22 20:28:31,840 INFO o.a.j.s.SaveService: Using SaveService properties file encoding UTF-8
2026-05-22 20:28:31,845 INFO o.a.j.s.SaveService: Loading file: profiling\wallet-jmeter-profiling.jmx
2026-05-22 20:28:31,935 INFO o.a.j.p.h.s.HTTPSamplerBase: Parser for text/html is org.apache.jmeter.protocol.http.parser.LagartoBasedHtmlParser
2026-05-22 20:28:31,935 INFO o.a.j.p.h.s.HTTPSamplerBase: Parser for application/xhtml+xml is org.apache.jmeter.protocol.http.parser.LagartoBasedHtmlParser
2026-05-22 20:28:31,935 INFO o.a.j.p.h.s.HTTPSamplerBase: Parser for application/xml is org.apache.jmeter.protocol.http.parser.LagartoBasedHtmlParser
2026-05-22 20:28:31,935 INFO o.a.j.p.h.s.HTTPSamplerBase: Parser for text/xml is org.apache.jmeter.protocol.http.parser.LagartoBasedHtmlParser
2026-05-22 20:28:31,935 INFO o.a.j.p.h.s.HTTPSamplerBase: Parser for text/vnd.wap.wml is org.apache.jmeter.protocol.http.parser.RegexpHTMLParser
2026-05-22 20:28:31,935 INFO o.a.j.p.h.s.HTTPSamplerBase: Parser for text/css is org.apache.jmeter.protocol.http.parser.CssParser
2026-05-22 20:28:31,997 INFO o.a.j.JMeter: Creating summariser <summary>
2026-05-22 20:28:32,001 INFO o.a.j.r.d.ReportGenerator: ReportGenerator will use for Parsing the separator: ','
2026-05-22 20:28:32,001 INFO o.a.j.r.d.ReportGenerator: Will generate report at end of test from  results file: profiling\wallet-profile-results-20260522-202824.jtl
2026-05-22 20:28:32,002 INFO o.a.j.r.d.ReportGenerator: Reading report generator properties from: C:\Users\Asus\Documents\apache-jmeter-5.6.3\apache-jmeter-5.6.3\bin\reportgenerator.properties
2026-05-22 20:28:32,003 INFO o.a.j.r.d.ReportGenerator: Merging with JMeter properties
2026-05-22 20:28:32,006 INFO o.a.j.r.c.ReportGeneratorConfiguration: Property 'jmeter.reportgenerator.temp_dir' not found, using default value 'temp' instead.
2026-05-22 20:28:32,010 INFO o.a.j.r.c.ReportGeneratorConfiguration: Property 'jmeter.reportgenerator.apdex_per_transaction' not found, using default value 'null' instead.
2026-05-22 20:28:32,010 INFO o.a.j.r.c.ReportGeneratorConfiguration: apdex_per_transaction is empty, not APDEX per transaction customization
2026-05-22 20:28:32,010 INFO o.a.j.r.c.ReportGeneratorConfiguration: Property 'jmeter.reportgenerator.sample_filter' not found, using default value 'null' instead.
2026-05-22 20:28:32,010 INFO o.a.j.r.c.ReportGeneratorConfiguration: Property 'jmeter.reportgenerator.report_title' not found, using default value 'null' instead.
2026-05-22 20:28:32,010 INFO o.a.j.r.c.ReportGeneratorConfiguration: Property 'jmeter.reportgenerator.start_date' not found, using default value 'null' instead.
2026-05-22 20:28:32,011 INFO o.a.j.r.c.ReportGeneratorConfiguration: Property 'jmeter.reportgenerator.end_date' not found, using default value 'null' instead.
2026-05-22 20:28:32,011 INFO o.a.j.r.c.ReportGeneratorConfiguration: Property 'jmeter.reportgenerator.date_format' not found, using default value 'null' instead.
2026-05-22 20:28:32,011 INFO o.a.j.r.c.ReportGeneratorConfiguration: Will use date range start date: null, end date: null
2026-05-22 20:28:32,016 INFO o.a.j.r.c.ReportGeneratorConfiguration: Property 'jmeter.reportgenerator.graph.totalTPS.exclude_controllers' not found, using default value 'false' instead.
2026-05-22 20:28:32,016 INFO o.a.j.r.c.ReportGeneratorConfiguration: Property 'jmeter.reportgenerator.graph.activeThreadsOverTime.exclude_controllers' not found, using default value 'false' instead.
2026-05-22 20:28:32,016 INFO o.a.j.r.c.ReportGeneratorConfiguration: Property 'jmeter.reportgenerator.graph.timeVsThreads.exclude_controllers' not found, using default value 'false' instead.
2026-05-22 20:28:32,016 INFO o.a.j.r.c.ReportGeneratorConfiguration: Property 'jmeter.reportgenerator.graph.responseTimeDistribution.exclude_controllers' not found, using default value 'false' instead.
2026-05-22 20:28:32,016 INFO o.a.j.r.c.ReportGeneratorConfiguration: Property 'jmeter.reportgenerator.graph.transactionsPerSecond.exclude_controllers' not found, using default value 'false' instead.
2026-05-22 20:28:32,016 INFO o.a.j.r.c.ReportGeneratorConfiguration: Property 'jmeter.reportgenerator.graph.responseTimePercentiles.exclude_controllers' not found, using default value 'false' instead.
2026-05-22 20:28:32,017 INFO o.a.j.r.c.ReportGeneratorConfiguration: Property 'jmeter.reportgenerator.graph.responseTimePercentilesOverTime.exclude_controllers' not found, using default value 'false' instead.
2026-05-22 20:28:32,017 INFO o.a.j.r.c.ReportGeneratorConfiguration: Property 'jmeter.reportgenerator.graph.responseTimesOverTime.exclude_controllers' not found, using default value 'false' instead.
2026-05-22 20:28:32,017 INFO o.a.j.r.c.ReportGeneratorConfiguration: Property 'jmeter.reportgenerator.graph.connectTimeOverTime.exclude_controllers' not found, using default value 'false' instead.
2026-05-22 20:28:32,017 INFO o.a.j.r.c.ReportGeneratorConfiguration: Property 'jmeter.reportgenerator.graph.latenciesOverTime.exclude_controllers' not found, using default value 'false' instead.
2026-05-22 20:28:32,019 INFO o.a.j.r.c.ReportGeneratorConfiguration: Property 'jmeter.reportgenerator.exporter.json.filters_only_sample_series' not found, using default value 'true' instead.
2026-05-22 20:28:32,019 INFO o.a.j.r.c.ReportGeneratorConfiguration: Property 'jmeter.reportgenerator.exporter.json.series_filter' not found, using default value '' instead.
2026-05-22 20:28:32,019 INFO o.a.j.r.c.ReportGeneratorConfiguration: Property 'jmeter.reportgenerator.exporter.json.show_controllers_only' not found, using default value 'false' instead.
2026-05-22 20:28:32,019 INFO o.a.j.r.c.ReportGeneratorConfiguration: Property 'jmeter.reportgenerator.exporter.html.filters_only_sample_series' not found, using default value 'true' instead.
2026-05-22 20:28:32,020 INFO o.a.j.r.c.ReportGeneratorConfiguration: Property 'jmeter.reportgenerator.exporter.html.series_filter' not found, using default value '' instead.
2026-05-22 20:28:32,020 INFO o.a.j.r.c.ReportGeneratorConfiguration: Property 'jmeter.reportgenerator.exporter.html.show_controllers_only' not found, using default value 'false' instead.
2026-05-22 20:28:32,034 INFO o.a.j.e.StandardJMeterEngine: Running the test!
2026-05-22 20:28:32,035 INFO o.a.j.s.SampleEvent: List of sample_variables: []
2026-05-22 20:28:32,035 INFO o.a.j.s.SampleEvent: List of sample_variables: []
2026-05-22 20:28:32,042 INFO o.a.j.e.u.CompoundVariable: Note: Function class names must contain the string: '.functions.'
2026-05-22 20:28:32,042 INFO o.a.j.e.u.CompoundVariable: Note: Function class names must not contain the string: '.gui.'
2026-05-22 20:28:32,619 INFO o.a.j.JMeter: Running test (1779456512619)
2026-05-22 20:28:32,641 INFO o.a.j.e.StandardJMeterEngine: Starting ThreadGroup: 1 : Wallet mixed traffic
2026-05-22 20:28:32,641 INFO o.a.j.e.StandardJMeterEngine: Starting 50 threads for group Wallet mixed traffic.
2026-05-22 20:28:32,644 INFO o.a.j.e.StandardJMeterEngine: Thread will continue on error
2026-05-22 20:28:32,644 INFO o.a.j.t.ThreadGroup: Starting thread group... number=1 threads=50 ramp-up=10 delayedStart=false
2026-05-22 20:28:32,656 INFO o.a.j.t.JMeterThread: Thread started: Wallet mixed traffic 1-1
2026-05-22 20:28:32,706 INFO o.a.j.t.ThreadGroup: Started thread group number 1
2026-05-22 20:28:32,706 INFO o.a.j.e.StandardJMeterEngine: All thread groups have been started
2026-05-22 20:28:32,852 INFO o.a.j.t.JMeterThread: Thread started: Wallet mixed traffic 1-2
2026-05-22 20:28:33,051 INFO o.a.j.t.JMeterThread: Thread started: Wallet mixed traffic 1-3
2026-05-22 20:28:33,249 INFO o.a.j.t.JMeterThread: Thread started: Wallet mixed traffic 1-4
2026-05-22 20:28:33,448 INFO o.a.j.t.JMeterThread: Thread started: Wallet mixed traffic 1-5
2026-05-22 20:28:33,653 INFO o.a.j.t.JMeterThread: Thread started: Wallet mixed traffic 1-6
2026-05-22 20:28:33,846 INFO o.a.j.t.JMeterThread: Thread started: Wallet mixed traffic 1-7
2026-05-22 20:28:34,047 INFO o.a.j.t.JMeterThread: Thread started: Wallet mixed traffic 1-8
2026-05-22 20:28:34,246 INFO o.a.j.t.JMeterThread: Thread started: Wallet mixed traffic 1-9
2026-05-22 20:28:34,360 INFO o.a.j.p.h.s.HTTPHCAbstractImpl: Local host = LAPTOP-7LCK05AB
2026-05-22 20:28:34,386 INFO o.a.j.p.h.s.HTTPHC4Impl: HTTP request retry count = 0
2026-05-22 20:28:34,391 INFO o.a.j.s.SampleResult: Note: Sample TimeStamps are START times
2026-05-22 20:28:34,392 INFO o.a.j.s.SampleResult: sampleresult.default.encoding is set to UTF-8
2026-05-22 20:28:34,392 INFO o.a.j.s.SampleResult: sampleresult.useNanoTime=true
2026-05-22 20:28:34,392 INFO o.a.j.s.SampleResult: sampleresult.nanoThreadSleep=5000
2026-05-22 20:28:34,447 INFO o.a.j.t.JMeterThread: Thread started: Wallet mixed traffic 1-10
2026-05-22 20:28:34,647 INFO o.a.j.t.JMeterThread: Thread started: Wallet mixed traffic 1-11
2026-05-22 20:28:34,687 INFO o.a.j.r.Summariser: summary +      1 in 00:00:02 =    0.5/s Avg:   116 Min:   116 Max:   116 Err:     0 (0.00%) Active: 11 Started: 11 Finished: 0
2026-05-22 20:28:34,849 INFO o.a.j.t.JMeterThread: Thread started: Wallet mixed traffic 1-12
2026-05-22 20:28:35,050 INFO o.a.j.t.JMeterThread: Thread started: Wallet mixed traffic 1-13
2026-05-22 20:28:35,247 INFO o.a.j.t.JMeterThread: Thread started: Wallet mixed traffic 1-14
2026-05-22 20:28:35,469 INFO o.a.j.t.JMeterThread: Thread started: Wallet mixed traffic 1-15
2026-05-22 20:28:35,748 INFO o.a.j.t.JMeterThread: Thread started: Wallet mixed traffic 1-16
2026-05-22 20:28:35,852 INFO o.a.j.t.JMeterThread: Thread started: Wallet mixed traffic 1-17
2026-05-22 20:28:36,048 INFO o.a.j.t.JMeterThread: Thread started: Wallet mixed traffic 1-18
2026-05-22 20:28:36,247 INFO o.a.j.t.JMeterThread: Thread started: Wallet mixed traffic 1-19
2026-05-22 20:28:36,446 INFO o.a.j.t.JMeterThread: Thread started: Wallet mixed traffic 1-20
2026-05-22 20:28:36,650 INFO o.a.j.t.JMeterThread: Thread started: Wallet mixed traffic 1-21
2026-05-22 20:28:36,849 INFO o.a.j.t.JMeterThread: Thread started: Wallet mixed traffic 1-22
2026-05-22 20:28:37,080 INFO o.a.j.t.JMeterThread: Thread started: Wallet mixed traffic 1-23
2026-05-22 20:28:37,250 INFO o.a.j.t.JMeterThread: Thread started: Wallet mixed traffic 1-24
2026-05-22 20:28:37,454 INFO o.a.j.t.JMeterThread: Thread started: Wallet mixed traffic 1-25
2026-05-22 20:28:37,649 INFO o.a.j.t.JMeterThread: Thread started: Wallet mixed traffic 1-26
2026-05-22 20:28:37,848 INFO o.a.j.t.JMeterThread: Thread started: Wallet mixed traffic 1-27
2026-05-22 20:28:38,050 INFO o.a.j.t.JMeterThread: Thread started: Wallet mixed traffic 1-28
2026-05-22 20:28:38,252 INFO o.a.j.t.JMeterThread: Thread started: Wallet mixed traffic 1-29
2026-05-22 20:28:38,449 INFO o.a.j.t.JMeterThread: Thread started: Wallet mixed traffic 1-30
2026-05-22 20:28:38,649 INFO o.a.j.t.JMeterThread: Thread started: Wallet mixed traffic 1-31
2026-05-22 20:28:38,847 INFO o.a.j.t.JMeterThread: Thread started: Wallet mixed traffic 1-32
2026-05-22 20:28:39,046 INFO o.a.j.t.JMeterThread: Thread started: Wallet mixed traffic 1-33
2026-05-22 20:28:39,247 INFO o.a.j.t.JMeterThread: Thread started: Wallet mixed traffic 1-34
2026-05-22 20:28:39,365 INFO o.a.j.t.JMeterThread: Thread is done: Wallet mixed traffic 1-3
2026-05-22 20:28:39,365 INFO o.a.j.t.JMeterThread: Thread finished: Wallet mixed traffic 1-3
2026-05-22 20:28:39,423 INFO o.a.j.t.JMeterThread: Thread is done: Wallet mixed traffic 1-2
2026-05-22 20:28:39,423 INFO o.a.j.t.JMeterThread: Thread finished: Wallet mixed traffic 1-2
2026-05-22 20:28:39,449 INFO o.a.j.t.JMeterThread: Thread started: Wallet mixed traffic 1-35
2026-05-22 20:28:39,465 INFO o.a.j.t.JMeterThread: Thread is done: Wallet mixed traffic 1-6
2026-05-22 20:28:39,466 INFO o.a.j.t.JMeterThread: Thread finished: Wallet mixed traffic 1-6
2026-05-22 20:28:39,480 INFO o.a.j.t.JMeterThread: Thread is done: Wallet mixed traffic 1-11
2026-05-22 20:28:39,480 INFO o.a.j.t.JMeterThread: Thread finished: Wallet mixed traffic 1-11
2026-05-22 20:28:39,502 INFO o.a.j.t.JMeterThread: Thread is done: Wallet mixed traffic 1-9
2026-05-22 20:28:39,502 INFO o.a.j.t.JMeterThread: Thread finished: Wallet mixed traffic 1-9
2026-05-22 20:28:39,509 INFO o.a.j.t.JMeterThread: Thread is done: Wallet mixed traffic 1-7
2026-05-22 20:28:39,510 INFO o.a.j.t.JMeterThread: Thread finished: Wallet mixed traffic 1-7
2026-05-22 20:28:39,517 INFO o.a.j.t.JMeterThread: Thread is done: Wallet mixed traffic 1-1
2026-05-22 20:28:39,517 INFO o.a.j.t.JMeterThread: Thread finished: Wallet mixed traffic 1-1
2026-05-22 20:28:39,517 INFO o.a.j.t.JMeterThread: Thread is done: Wallet mixed traffic 1-8
2026-05-22 20:28:39,518 INFO o.a.j.t.JMeterThread: Thread finished: Wallet mixed traffic 1-8
2026-05-22 20:28:39,530 INFO o.a.j.t.JMeterThread: Thread is done: Wallet mixed traffic 1-4
2026-05-22 20:28:39,530 INFO o.a.j.t.JMeterThread: Thread finished: Wallet mixed traffic 1-4
2026-05-22 20:28:39,543 INFO o.a.j.t.JMeterThread: Thread is done: Wallet mixed traffic 1-13
2026-05-22 20:28:39,545 INFO o.a.j.t.JMeterThread: Thread finished: Wallet mixed traffic 1-13
2026-05-22 20:28:39,573 INFO o.a.j.t.JMeterThread: Thread is done: Wallet mixed traffic 1-12
2026-05-22 20:28:39,573 INFO o.a.j.t.JMeterThread: Thread finished: Wallet mixed traffic 1-12
2026-05-22 20:28:39,579 INFO o.a.j.t.JMeterThread: Thread is done: Wallet mixed traffic 1-10
2026-05-22 20:28:39,580 INFO o.a.j.t.JMeterThread: Thread finished: Wallet mixed traffic 1-10
2026-05-22 20:28:39,607 INFO o.a.j.t.JMeterThread: Thread is done: Wallet mixed traffic 1-5
2026-05-22 20:28:39,608 INFO o.a.j.t.JMeterThread: Thread finished: Wallet mixed traffic 1-5
2026-05-22 20:28:39,648 INFO o.a.j.t.JMeterThread: Thread started: Wallet mixed traffic 1-36
2026-05-22 20:28:39,692 INFO o.a.j.t.JMeterThread: Thread is done: Wallet mixed traffic 1-14
2026-05-22 20:28:39,693 INFO o.a.j.t.JMeterThread: Thread finished: Wallet mixed traffic 1-14
2026-05-22 20:28:39,795 INFO o.a.j.t.JMeterThread: Thread is done: Wallet mixed traffic 1-15
2026-05-22 20:28:39,796 INFO o.a.j.t.JMeterThread: Thread finished: Wallet mixed traffic 1-15
2026-05-22 20:28:39,829 INFO o.a.j.t.JMeterThread: Thread is done: Wallet mixed traffic 1-18
2026-05-22 20:28:39,829 INFO o.a.j.t.JMeterThread: Thread finished: Wallet mixed traffic 1-18
2026-05-22 20:28:39,838 INFO o.a.j.t.JMeterThread: Thread is done: Wallet mixed traffic 1-16
2026-05-22 20:28:39,839 INFO o.a.j.t.JMeterThread: Thread finished: Wallet mixed traffic 1-16
2026-05-22 20:28:39,842 INFO o.a.j.t.JMeterThread: Thread is done: Wallet mixed traffic 1-17
2026-05-22 20:28:39,842 INFO o.a.j.t.JMeterThread: Thread finished: Wallet mixed traffic 1-17
2026-05-22 20:28:39,846 INFO o.a.j.t.JMeterThread: Thread started: Wallet mixed traffic 1-37
2026-05-22 20:28:39,977 INFO o.a.j.t.JMeterThread: Thread is done: Wallet mixed traffic 1-19
2026-05-22 20:28:39,977 INFO o.a.j.t.JMeterThread: Thread finished: Wallet mixed traffic 1-19
2026-05-22 20:28:39,994 INFO o.a.j.t.JMeterThread: Thread is done: Wallet mixed traffic 1-20
2026-05-22 20:28:39,996 INFO o.a.j.t.JMeterThread: Thread finished: Wallet mixed traffic 1-20
2026-05-22 20:28:40,048 INFO o.a.j.t.JMeterThread: Thread started: Wallet mixed traffic 1-38
2026-05-22 20:28:40,132 INFO o.a.j.t.JMeterThread: Thread is done: Wallet mixed traffic 1-21
2026-05-22 20:28:40,133 INFO o.a.j.t.JMeterThread: Thread finished: Wallet mixed traffic 1-21
2026-05-22 20:28:40,181 INFO o.a.j.t.JMeterThread: Thread is done: Wallet mixed traffic 1-22
2026-05-22 20:28:40,181 INFO o.a.j.t.JMeterThread: Thread finished: Wallet mixed traffic 1-22
2026-05-22 20:28:40,230 INFO o.a.j.t.JMeterThread: Thread is done: Wallet mixed traffic 1-23
2026-05-22 20:28:40,230 INFO o.a.j.t.JMeterThread: Thread finished: Wallet mixed traffic 1-23
2026-05-22 20:28:40,249 INFO o.a.j.t.JMeterThread: Thread started: Wallet mixed traffic 1-39
2026-05-22 20:28:40,279 INFO o.a.j.t.JMeterThread: Thread is done: Wallet mixed traffic 1-24
2026-05-22 20:28:40,279 INFO o.a.j.t.JMeterThread: Thread finished: Wallet mixed traffic 1-24
2026-05-22 20:28:40,334 INFO o.a.j.t.JMeterThread: Thread is done: Wallet mixed traffic 1-25
2026-05-22 20:28:40,335 INFO o.a.j.t.JMeterThread: Thread finished: Wallet mixed traffic 1-25
2026-05-22 20:28:40,335 INFO o.a.j.t.JMeterThread: Thread is done: Wallet mixed traffic 1-26
2026-05-22 20:28:40,336 INFO o.a.j.t.JMeterThread: Thread finished: Wallet mixed traffic 1-26
2026-05-22 20:28:40,412 INFO o.a.j.t.JMeterThread: Thread is done: Wallet mixed traffic 1-27
2026-05-22 20:28:40,413 INFO o.a.j.t.JMeterThread: Thread finished: Wallet mixed traffic 1-27
2026-05-22 20:28:40,450 INFO o.a.j.t.JMeterThread: Thread started: Wallet mixed traffic 1-40
2026-05-22 20:28:40,487 INFO o.a.j.t.JMeterThread: Thread is done: Wallet mixed traffic 1-28
2026-05-22 20:28:40,488 INFO o.a.j.t.JMeterThread: Thread finished: Wallet mixed traffic 1-28
2026-05-22 20:28:40,505 INFO o.a.j.t.JMeterThread: Thread is done: Wallet mixed traffic 1-29
2026-05-22 20:28:40,505 INFO o.a.j.t.JMeterThread: Thread finished: Wallet mixed traffic 1-29
2026-05-22 20:28:40,559 INFO o.a.j.t.JMeterThread: Thread is done: Wallet mixed traffic 1-30
2026-05-22 20:28:40,559 INFO o.a.j.t.JMeterThread: Thread finished: Wallet mixed traffic 1-30
2026-05-22 20:28:40,643 INFO o.a.j.t.JMeterThread: Thread is done: Wallet mixed traffic 1-31
2026-05-22 20:28:40,643 INFO o.a.j.t.JMeterThread: Thread finished: Wallet mixed traffic 1-31
2026-05-22 20:28:40,650 INFO o.a.j.t.JMeterThread: Thread started: Wallet mixed traffic 1-41
2026-05-22 20:28:40,723 INFO o.a.j.t.JMeterThread: Thread is done: Wallet mixed traffic 1-32
2026-05-22 20:28:40,723 INFO o.a.j.t.JMeterThread: Thread finished: Wallet mixed traffic 1-32
2026-05-22 20:28:40,760 INFO o.a.j.t.JMeterThread: Thread is done: Wallet mixed traffic 1-33
2026-05-22 20:28:40,760 INFO o.a.j.t.JMeterThread: Thread finished: Wallet mixed traffic 1-33
2026-05-22 20:28:40,814 INFO o.a.j.t.JMeterThread: Thread is done: Wallet mixed traffic 1-34
2026-05-22 20:28:40,815 INFO o.a.j.t.JMeterThread: Thread finished: Wallet mixed traffic 1-34
2026-05-22 20:28:40,846 INFO o.a.j.t.JMeterThread: Thread started: Wallet mixed traffic 1-42
2026-05-22 20:28:40,890 INFO o.a.j.t.JMeterThread: Thread is done: Wallet mixed traffic 1-35
2026-05-22 20:28:40,891 INFO o.a.j.t.JMeterThread: Thread finished: Wallet mixed traffic 1-35
2026-05-22 20:28:40,983 INFO o.a.j.t.JMeterThread: Thread is done: Wallet mixed traffic 1-36
2026-05-22 20:28:40,983 INFO o.a.j.t.JMeterThread: Thread finished: Wallet mixed traffic 1-36
2026-05-22 20:28:41,046 INFO o.a.j.t.JMeterThread: Thread is done: Wallet mixed traffic 1-37
2026-05-22 20:28:41,046 INFO o.a.j.t.JMeterThread: Thread finished: Wallet mixed traffic 1-37
2026-05-22 20:28:41,047 INFO o.a.j.t.JMeterThread: Thread started: Wallet mixed traffic 1-43
2026-05-22 20:28:41,126 INFO o.a.j.t.JMeterThread: Thread is done: Wallet mixed traffic 1-38
2026-05-22 20:28:41,126 INFO o.a.j.t.JMeterThread: Thread finished: Wallet mixed traffic 1-38
2026-05-22 20:28:41,237 INFO o.a.j.t.JMeterThread: Thread is done: Wallet mixed traffic 1-39
2026-05-22 20:28:41,237 INFO o.a.j.t.JMeterThread: Thread finished: Wallet mixed traffic 1-39
2026-05-22 20:28:41,250 INFO o.a.j.t.JMeterThread: Thread started: Wallet mixed traffic 1-44
2026-05-22 20:28:41,362 INFO o.a.j.t.JMeterThread: Thread is done: Wallet mixed traffic 1-40
2026-05-22 20:28:41,362 INFO o.a.j.t.JMeterThread: Thread finished: Wallet mixed traffic 1-40
2026-05-22 20:28:41,446 INFO o.a.j.t.JMeterThread: Thread started: Wallet mixed traffic 1-45
2026-05-22 20:28:41,516 INFO o.a.j.t.JMeterThread: Thread is done: Wallet mixed traffic 1-41
2026-05-22 20:28:41,516 INFO o.a.j.t.JMeterThread: Thread finished: Wallet mixed traffic 1-41
2026-05-22 20:28:41,646 INFO o.a.j.t.JMeterThread: Thread started: Wallet mixed traffic 1-46
2026-05-22 20:28:41,671 INFO o.a.j.t.JMeterThread: Thread is done: Wallet mixed traffic 1-42
2026-05-22 20:28:41,671 INFO o.a.j.t.JMeterThread: Thread finished: Wallet mixed traffic 1-42
2026-05-22 20:28:41,846 INFO o.a.j.t.JMeterThread: Thread started: Wallet mixed traffic 1-47
2026-05-22 20:28:41,852 INFO o.a.j.t.JMeterThread: Thread is done: Wallet mixed traffic 1-43
2026-05-22 20:28:41,852 INFO o.a.j.t.JMeterThread: Thread finished: Wallet mixed traffic 1-43
2026-05-22 20:28:42,047 INFO o.a.j.t.JMeterThread: Thread started: Wallet mixed traffic 1-48
2026-05-22 20:28:42,054 INFO o.a.j.t.JMeterThread: Thread is done: Wallet mixed traffic 1-44
2026-05-22 20:28:42,054 INFO o.a.j.t.JMeterThread: Thread finished: Wallet mixed traffic 1-44
2026-05-22 20:28:42,239 INFO o.a.j.t.JMeterThread: Thread is done: Wallet mixed traffic 1-45
2026-05-22 20:28:42,239 INFO o.a.j.t.JMeterThread: Thread finished: Wallet mixed traffic 1-45
2026-05-22 20:28:42,246 INFO o.a.j.t.JMeterThread: Thread started: Wallet mixed traffic 1-49
2026-05-22 20:28:42,413 INFO o.a.j.t.JMeterThread: Thread is done: Wallet mixed traffic 1-46
2026-05-22 20:28:42,414 INFO o.a.j.t.JMeterThread: Thread finished: Wallet mixed traffic 1-46
2026-05-22 20:28:42,457 INFO o.a.j.t.JMeterThread: Thread started: Wallet mixed traffic 1-50
2026-05-22 20:28:42,587 INFO o.a.j.t.JMeterThread: Thread is done: Wallet mixed traffic 1-47
2026-05-22 20:28:42,587 INFO o.a.j.t.JMeterThread: Thread finished: Wallet mixed traffic 1-47
2026-05-22 20:28:42,736 INFO o.a.j.t.JMeterThread: Thread is done: Wallet mixed traffic 1-48
2026-05-22 20:28:42,736 INFO o.a.j.t.JMeterThread: Thread finished: Wallet mixed traffic 1-48
2026-05-22 20:28:42,874 INFO o.a.j.t.JMeterThread: Thread is done: Wallet mixed traffic 1-49
2026-05-22 20:28:42,874 INFO o.a.j.t.JMeterThread: Thread finished: Wallet mixed traffic 1-49
2026-05-22 20:28:43,034 INFO o.a.j.t.JMeterThread: Thread is done: Wallet mixed traffic 1-50
2026-05-22 20:28:43,034 INFO o.a.j.t.JMeterThread: Thread finished: Wallet mixed traffic 1-50
2026-05-22 20:28:43,034 INFO o.a.j.e.StandardJMeterEngine: Notifying test listeners of end of test
2026-05-22 20:28:43,037 INFO o.a.j.r.Summariser: summary +   2999 in 00:00:08 =  358.9/s Avg:    45 Min:     4 Max:   477 Err:     0 (0.00%) Active: 0 Started: 50 Finished: 50
2026-05-22 20:28:43,038 INFO o.a.j.r.Summariser: summary =   3000 in 00:00:10 =  287.9/s Avg:    45 Min:     4 Max:   477 Err:     0 (0.00%)
2026-05-22 20:28:43,039 INFO o.a.j.JMeter: Generating Dashboard
2026-05-22 20:28:43,039 INFO o.a.j.r.d.ReportGenerator: Flushing result collector before report Generation
2026-05-22 20:28:43,052 INFO o.a.j.r.p.NormalizerSampleConsumer: Using format, 'ms', to parse timeStamp field
2026-05-22 20:28:43,269 INFO o.a.j.r.p.AbstractSampleConsumer: class org.apache.jmeter.report.processor.AggregateConsumer#stopProducing(): beginDate produced 0 samples
2026-05-22 20:28:43,269 INFO o.a.j.r.p.AbstractSampleConsumer: class org.apache.jmeter.report.processor.AggregateConsumer#stopProducing(): endDate produced 0 samples
2026-05-22 20:28:43,281 INFO o.a.j.r.p.AbstractSampleConsumer: class org.apache.jmeter.report.processor.ApdexSummaryConsumer#stopProducing(): apdexSummary produced 0 samples
2026-05-22 20:28:43,281 INFO o.a.j.r.p.AbstractSampleConsumer: class org.apache.jmeter.report.processor.RequestsSummaryConsumer#stopProducing(): requestsSummary produced 0 samples
2026-05-22 20:28:43,290 INFO o.a.j.r.p.AbstractSampleConsumer: class org.apache.jmeter.report.processor.StatisticsSummaryConsumer#stopProducing(): statisticsSummary produced 0 samples
2026-05-22 20:28:43,301 INFO o.a.j.r.p.AbstractSampleConsumer: class org.apache.jmeter.report.processor.Top5ErrorsBySamplerConsumer#stopProducing(): top5ErrorsBySampler produced 0 samples
2026-05-22 20:28:43,301 INFO o.a.j.r.p.AbstractSampleConsumer: class org.apache.jmeter.report.processor.ErrorsSummaryConsumer#stopProducing(): errorsSummary produced 0 samples
2026-05-22 20:28:43,301 INFO o.a.j.r.p.AbstractSampleConsumer: class org.apache.jmeter.report.processor.graph.impl.HitsPerSecondGraphConsumer#stopProducing(): hitsPerSecond produced 0 samples
2026-05-22 20:28:43,373 INFO o.a.j.r.p.AbstractSampleConsumer: class org.apache.jmeter.report.processor.graph.impl.LatencyVSRequestGraphConsumer#stopProducing(): latencyVsRequest produced 0 samples
2026-05-22 20:28:43,373 INFO o.a.j.r.p.AbstractSampleConsumer: class org.apache.jmeter.report.processor.graph.impl.SyntheticResponseTimeDistributionGraphConsumer#stopProducing(): syntheticResponseTimeDistribution produced 0 samples
2026-05-22 20:28:43,373 INFO o.a.j.r.p.AbstractSampleConsumer: class org.apache.jmeter.report.processor.graph.impl.BytesThroughputGraphConsumer#stopProducing(): bytesThroughputOverTime produced 0 samples
2026-05-22 20:28:43,373 INFO o.a.j.r.p.AbstractSampleConsumer: class org.apache.jmeter.report.processor.graph.impl.CodesPerSecondGraphConsumer#stopProducing(): codesPerSecond produced 0 samples
2026-05-22 20:28:43,404 INFO o.a.j.r.p.AbstractSampleConsumer: class org.apache.jmeter.report.processor.graph.impl.ResponseTimeVSRequestGraphConsumer#stopProducing(): responseTimeVsRequest produced 0 samples
2026-05-22 20:28:43,404 INFO o.a.j.r.p.AbstractSampleConsumer: class org.apache.jmeter.report.processor.FilterConsumer#stopProducing(): startIntervalControlerFilter produced 21000 samples
2026-05-22 20:28:43,404 INFO o.a.j.r.p.AbstractSampleConsumer: class org.apache.jmeter.report.processor.graph.impl.TotalTPSGraphConsumer#stopProducing(): totalTPS produced 0 samples
2026-05-22 20:28:43,404 INFO o.a.j.r.p.AbstractSampleConsumer: class org.apache.jmeter.report.processor.graph.impl.ActiveThreadsGraphConsumer#stopProducing(): activeThreadsOverTime produced 0 samples
2026-05-22 20:28:43,404 INFO o.a.j.r.p.AbstractSampleConsumer: class org.apache.jmeter.report.processor.graph.impl.TimeVSThreadGraphConsumer#stopProducing(): timeVsThreads produced 0 samples
2026-05-22 20:28:43,404 INFO o.a.j.r.p.AbstractSampleConsumer: class org.apache.jmeter.report.processor.graph.impl.ResponseTimeDistributionGraphConsumer#stopProducing(): responseTimeDistribution produced 0 samples
2026-05-22 20:28:43,404 INFO o.a.j.r.p.AbstractSampleConsumer: class org.apache.jmeter.report.processor.graph.impl.TransactionsPerSecondGraphConsumer#stopProducing(): transactionsPerSecond produced 0 samples
2026-05-22 20:28:43,404 INFO o.a.j.r.p.AbstractSampleConsumer: class org.apache.jmeter.report.processor.graph.impl.ResponseTimePercentilesGraphConsumer#stopProducing(): responseTimePercentiles produced 0 samples
2026-05-22 20:28:43,404 INFO o.a.j.r.p.AbstractSampleConsumer: class org.apache.jmeter.report.processor.graph.impl.ResponseTimePercentilesOverTimeGraphConsumer#stopProducing(): responseTimePercentilesOverTime produced 0 samples
2026-05-22 20:28:43,404 INFO o.a.j.r.p.AbstractSampleConsumer: class org.apache.jmeter.report.processor.graph.impl.ResponseTimeOverTimeGraphConsumer#stopProducing(): responseTimesOverTime produced 0 samples
2026-05-22 20:28:43,404 INFO o.a.j.r.p.AbstractSampleConsumer: class org.apache.jmeter.report.processor.graph.impl.ConnectTimeOverTimeGraphConsumer#stopProducing(): connectTimeOverTime produced 0 samples
2026-05-22 20:28:43,404 INFO o.a.j.r.p.AbstractSampleConsumer: class org.apache.jmeter.report.processor.graph.impl.LatencyOverTimeGraphConsumer#stopProducing(): latenciesOverTime produced 0 samples
2026-05-22 20:28:43,404 INFO o.a.j.r.p.AbstractSampleConsumer: class org.apache.jmeter.report.processor.FilterConsumer#stopProducing(): nameFilter produced 45000 samples
2026-05-22 20:28:43,404 INFO o.a.j.r.p.AbstractSampleConsumer: class org.apache.jmeter.report.processor.FilterConsumer#stopProducing(): dateRangeFilter produced 9000 samples
2026-05-22 20:28:43,404 INFO o.a.j.r.p.AbstractSampleConsumer: class org.apache.jmeter.report.processor.NormalizerSampleConsumer#stopProducing(): normalizer produced 3000 samples
2026-05-22 20:28:43,415 INFO o.a.j.r.p.CsvFileSampleSource: produce(): 3000 samples produced in 319ms on channel 0
2026-05-22 20:28:43,415 INFO o.a.j.r.d.ReportGenerator: Exporting data using exporter:'json' of className:'org.apache.jmeter.report.dashboard.JsonExporter'
2026-05-22 20:28:43,570 INFO o.a.j.r.d.JsonExporter: Found data for consumer statisticsSummary in context
2026-05-22 20:28:43,572 INFO o.a.j.r.d.JsonExporter: Creating statistics for overall
2026-05-22 20:28:43,573 INFO o.a.j.r.d.JsonExporter: Creating statistics for other transactions
2026-05-22 20:28:43,574 INFO o.a.j.r.d.JsonExporter: Checking output folder
2026-05-22 20:28:43,574 INFO o.a.j.r.d.JsonExporter: Writing statistics JSON to C:\Users\Asus\Documents\Group Preparation\bidmart-wallet-service\profiling\wallet-profile-report-20260522-202824\statistics.json
2026-05-22 20:28:43,624 INFO o.a.j.r.d.ReportGenerator: Exporting data using exporter:'html' of className:'org.apache.jmeter.report.dashboard.HtmlTemplateExporter'
2026-05-22 20:28:43,628 INFO o.a.j.r.d.HtmlTemplateExporter: Will generate dashboard in folder: C:\Users\Asus\Documents\Group Preparation\bidmart-wallet-service\profiling\wallet-profile-report-20260522-202824
2026-05-22 20:28:43,777 INFO o.a.j.r.d.HtmlTemplateExporter: Report will be generated in: C:\Users\Asus\Documents\Group Preparation\bidmart-wallet-service\profiling\wallet-profile-report-20260522-202824, creating folder structure
2026-05-22 20:28:43,785 INFO o.a.j.r.d.TemplateVisitor: Copying folder from 'C:\Users\Asus\Documents\apache-jmeter-5.6.3\apache-jmeter-5.6.3\bin\report-template' to 'C:\Users\Asus\Documents\Group Preparation\bidmart-wallet-service\profiling\wallet-profile-report-20260522-202824', got message: C:\Users\Asus\Documents\Group Preparation\bidmart-wallet-service\profiling\wallet-profile-report-20260522-202824, found non empty folder with following content [C:\Users\Asus\Documents\Group Preparation\bidmart-wallet-service\profiling\wallet-profile-report-20260522-202824\statistics.json], will be ignored
2026-05-22 20:28:44,318 INFO o.a.j.JMeter: Dashboard generated
